 Abaqus/Standard 2022                  DATE 20-May-2026 TIME 12:13:20
 SUMMARY OF JOB INFORMATION:
 STEP  INC ATT SEVERE EQUIL TOTAL  TOTAL      STEP       INC OF       DOF    IF
               DISCON ITERS ITERS  TIME/    TIME/LPF    TIME/LPF    MONITOR RIKS
               ITERS               FREQ
   1     1   1     0     1     1  0.0100     0.0100     0.01000   
   1     2   1     3     2     5  0.0200     0.0200     0.01000   
   1     3   1     3     2     5  0.0300     0.0300     0.01000   
   1     4   1     3     1     4  0.0400     0.0400     0.01000   
   1     5   1     3     2     5  0.0500     0.0500     0.01000   
   1     6   1     3     2     5  0.0600     0.0600     0.01000   
   1     7   1     3     1     4  0.0700     0.0700     0.01000   
   1     8   1     3     1     4  0.0800     0.0800     0.01000   
   1     9   1     3     1     4  0.0900     0.0900     0.01000   
   1    10   1     3     2     5  0.100      0.100      0.01000   
   1    11   1     3     1     4  0.110      0.110      0.01000   
   1    12   1     3     1     4  0.120      0.120      0.01000   
   1    13   1     3     2     5  0.130      0.130      0.01000   
   1    14   1     3     1     4  0.140      0.140      0.01000   
   1    15   1     3     2     5  0.150      0.150      0.01000   
   1    16   1     3     1     4  0.160      0.160      0.01000   
   1    17   1     3     1     4  0.170      0.170      0.01000   
   1    18   1     3     1     4  0.180      0.180      0.01000   
   1    19   1     4     0     4  0.190      0.190      0.01000   
   1    20   1     3     1     4  0.200      0.200      0.01000   
   1    21   1     3     1     4  0.210      0.210      0.01000   
   1    22   1     3     1     4  0.220      0.220      0.01000   
   1    23   1     3     2     5  0.230      0.230      0.01000   
   1    24   1     3     1     4  0.240      0.240      0.01000   
   1    25   1     3     1     4  0.250      0.250      0.01000   
   1    26   1     3     2     5  0.260      0.260      0.01000   
   1    27   1     3     1     4  0.270      0.270      0.01000   
   1    28   1     3     1     4  0.280      0.280      0.01000   
   1    29   1     4     1     5  0.290      0.290      0.01000   
   1    30   1     3     2     5  0.300      0.300      0.01000   
   1    31   1     4     1     5  0.310      0.310      0.01000   
   1    32   1     3     1     4  0.320      0.320      0.01000   
   1    33   1     3     1     4  0.330      0.330      0.01000   
   1    34   1     3     1     4  0.340      0.340      0.01000   
   1    35   1     4     1     5  0.350      0.350      0.01000   
   1    36   1     3     1     4  0.360      0.360      0.01000   
   1    37   1     3     1     4  0.370      0.370      0.01000   
   1    38   1     3     1     4  0.380      0.380      0.01000   
   1    39   1     3     1     4  0.390      0.390      0.01000   
   1    40   1     3     1     4  0.400      0.400      0.01000   
   1    41   1     2     2     4  0.410      0.410      0.01000   
   1    42   1     3     1     4  0.420      0.420      0.01000   
   1    43   1     3     1     4  0.430      0.430      0.01000   
   1    44   1     3     1     4  0.440      0.440      0.01000   
   1    45   1     3     1     4  0.450      0.450      0.01000   
   1    46   1     2     2     4  0.460      0.460      0.01000   
   1    47   1     3     0     3  0.470      0.470      0.01000   
   1    48   1     2     1     3  0.480      0.480      0.01000   
   1    49   1     2     1     3  0.490      0.490      0.01000   
   1    50   1     3     1     4  0.500      0.500      0.01000   
   1    51   1     2     1     3  0.510      0.510      0.01000   
   1    52   1     2     1     3  0.520      0.520      0.01000   
   1    53   1     1     2     3  0.530      0.530      0.01000   
   1    54   1     1     2     3  0.540      0.540      0.01000   
   1    55   1     1     2     3  0.550      0.550      0.01000   
   1    56   1     3     1     4  0.560      0.560      0.01000   
   1    57   1     1     1     2  0.562      0.562      0.002066  
                          
 THE ANALYSIS HAS COMPLETED SUCCESSFULLY
