 Abaqus/Standard 2022                  DATE 02-Jul-2026 TIME 23:33:20
 SUMMARY OF JOB INFORMATION:
 STEP  INC ATT SEVERE EQUIL TOTAL  TOTAL      STEP       INC OF       DOF    IF
               DISCON ITERS ITERS  TIME/    TIME/LPF    TIME/LPF    MONITOR RIKS
               ITERS               FREQ
   1     1   1     0     1     1  0.0100     0.0100     0.01000   
   1     2   1     2     2     4  0.0200     0.0200     0.01000   
   1     3   1     2     2     4  0.0300     0.0300     0.01000   
   1     4   1     2     2     4  0.0400     0.0400     0.01000   
   1     5   1     3     2     5  0.0500     0.0500     0.01000   
   2     1   1     5     2     7  0.150      0.100      0.1000    
   2     2   1     4     1     5  0.250      0.200      0.1000    
   2     3   1     4     1     5  0.400      0.350      0.1500    
   2     4   1     4     1     5  0.625      0.575      0.2250    
   2     5   1     3     2     5  0.963      0.913      0.3375    
   2     6   1     4     1     5  1.47       1.42       0.5063    
   2     7   1     5     1     6  2.23       2.18       0.7594    
   2     8   1     4     2     6  3.37       3.32       1.139     
   2     9   1     4     1     5  5.08       5.03       1.709     
   2    10   1     4     1     5  7.05       7.00       1.974     
   3     1   1     5     1     6  15.1       8.00       8.000     
   3     2   1     4     1     5  17.1       10.0       2.000     
   4     1   1     4     1     5  25.1       8.00       8.000     
   4     2   1     3     1     4  27.1       10.0       2.000     
   5     1   1     4     1     5  35.0       8.00       8.000     
   5     2   1     2     2     4  37.0       10.0       2.000     
   6     1   1     3     2     5  45.0       8.00       8.000     
   6     2   1     2     1     3  47.0       10.0       2.000     
   7     1   1     3     1     4  55.0       8.00       8.000     
   7     2   1     1     2     3  57.0       10.0       2.000     
   8     1   1     3     2     5  65.0       8.00       8.000     
   8     2   1     2     1     3  67.0       10.0       2.000     
   9     1   1     3     1     4  75.0       8.00       8.000     
   9     2   1     2     1     3  77.0       10.0       2.000     
  10     1   1     2     2     4  85.0       8.00       8.000     
  10     2   1U    1     4     5  85.0       8.00       2.000     
  10     2   2U    1    16    17  85.0       8.00       0.5000    
                          
 THE ANALYSIS HAS NOT BEEN COMPLETED
