 Abaqus/Standard 2022                  DATE 03-Jul-2026 TIME 20:03:04
 SUMMARY OF JOB INFORMATION:
 STEP  INC ATT SEVERE EQUIL TOTAL  TOTAL      STEP       INC OF       DOF    IF
               DISCON ITERS ITERS  TIME/    TIME/LPF    TIME/LPF    MONITOR RIKS
               ITERS               FREQ
   1     1   1     0     1     1  0.0100     0.0100     0.01000   
   1     2   1     4     1     5  0.0200     0.0200     0.01000   
   1     3   1     3     2     5  0.0300     0.0300     0.01000   
   1     4   1     3     2     5  0.0400     0.0400     0.01000   
   1     5   1     2     2     4  0.0500     0.0500     0.01000   
   2     1   1     9     2    11  0.150      0.100      0.1000    
   2     2   1     4     2     6  0.250      0.200      0.1000    
   2     3   1     4     2     6  0.400      0.350      0.1500    
   2     4   1     3     2     5  0.625      0.575      0.2250    
   2     5   1     4     1     5  0.963      0.913      0.3375    
   2     6   1     3     2     5  1.47       1.42       0.5063    
   2     7   1     4     2     6  2.23       2.18       0.7594    
   2     8   1     4     2     6  3.37       3.32       1.139     
   2     9   1     4     1     5  5.08       5.03       1.709     
   2    10   1     3     2     5  7.05       7.00       1.974     
   3     1   1U    2     1     3  7.05       0.00       8.000     
   3     1   2     3     2     5  9.05       2.00       2.000     
   3     2   1     3     1     4  11.1       4.00       2.000     
   3     3   1     4     1     5  14.1       7.00       3.000     
   3     4   1     3     2     5  17.1       10.0       3.000     
   4     1   1     4     1     5  25.1       8.00       8.000     
   4     2   1     3     1     4  27.1       10.0       2.000     
   5     1   1     3     2     5  35.0       8.00       8.000     
   5     2   1     2     1     3  37.0       10.0       2.000     
   6     1   1     3     2     5  45.0       8.00       8.000     
   6     2   1     2     1     3  47.0       10.0       2.000     
   7     1   1     3     1     4  55.0       8.00       8.000     
   7     2   1     2     1     3  57.0       10.0       2.000     
   8     1   1     3     2     5  65.0       8.00       8.000     
   8     2   1     2     1     3  67.0       10.0       2.000     
   9     1   1     3     2     5  75.0       8.00       8.000     
   9     2   1     2     1     3  77.0       10.0       2.000     
  10     1   1     3     1     4  85.0       8.00       8.000     
  10     2   1     2     1     3  87.0       10.0       2.000     
  11     1   1U    3     5     8  87.0       0.00       8.000     
  11     1   2     2     2     4  89.0       2.00       2.000     
  11     2   1     2     1     3  91.0       4.00       2.000     
  11     3   1     2     1     3  94.0       7.00       3.000     
  11     4   1U    6     6    12  94.0       7.00       3.000     
  11     4   2U    5     1     6  94.0       7.00       0.7500    
  11     4   3     5     5    10  94.5       7.50       0.5000    
  11     5   1     2     3     5  95.0       8.00       0.5000    
  11     6   1     1     2     3  95.5       8.50       0.5000    
  11     7   1     1     2     3  96.3       9.25       0.7500    
  11     8   1     1     2     3  97.0       10.0       0.7500    
  12     1   1     3     2     5  105.       8.00       8.000     
  12     2   1     3     1     4  113.       16.0       8.000     
  12     3   1     3     1     4  121.       24.0       8.000     
  12     4   1     3     1     4  129.       32.0       8.000     
  12     5   1     3     1     4  137.       40.0       8.000     
  12     6   1     3     1     4  145.       48.0       8.000     
  12     7   1     2     1     3  147.       50.0       2.000     
                          
 THE ANALYSIS HAS COMPLETED SUCCESSFULLY
