 Abaqus/Standard 2022                  DATE 22-May-2026 TIME 18:55:20
 SUMMARY OF JOB INFORMATION:
 STEP  INC ATT SEVERE EQUIL TOTAL  TOTAL      STEP       INC OF       DOF    IF
               DISCON ITERS ITERS  TIME/    TIME/LPF    TIME/LPF    MONITOR RIKS
               ITERS               FREQ
   1     1   1     0     1     1  0.0100     0.0100     0.01000   
   1     2   1     3     2     5  0.0200     0.0200     0.01000   
   1     3   1     3     2     5  0.0300     0.0300     0.01000   
   1     4   1     3     1     4  0.0400     0.0400     0.01000   
   2     1   1U    1     1     2  0.0400     0.00       1.000     
   2     1   2     8     1     9  0.540      0.500      0.5000    
   2     2   1     4     2     6  1.04       1.00       0.5000    
   2     3   1     4     2     6  1.79       1.75       0.7500    
   2     4   1     4     1     5  2.92       2.88       1.125     
   2     5   1     5     0     5  4.60       4.56       1.688     
   2     6   1     5     0     5  7.13       7.09       2.531     
   2     7   1     5     0     5  10.9       10.9       3.797     
   2     8   1     5     0     5  16.6       16.6       5.695     
   2     9   1     6     1     7  24.6       24.6       8.000     
   2    10   1     5     1     6  32.6       32.6       8.000     
   2    11   1     4     1     5  40.6       40.6       8.000     
   2    12   1     5     0     5  48.6       48.6       8.000     
   2    13   1     3     1     4  56.6       56.6       8.000     
   2    14   1     3     1     4  64.6       64.6       8.000     
   2    15   1     3     1     4  72.6       72.6       8.000     
   2    16   1     3     1     4  80.6       80.6       8.000     
   2    17   1     2     2     4  88.6       88.6       8.000     
   2    18   1     2     1     3  96.6       96.6       8.000     
   2    19   1     3     1     4  105.       105.       8.000     
   2    20   1     2     2     4  113.       113.       8.000     
   2    21   1     2     1     3  121.       121.       8.000     
   2    22   1     3     1     4  129.       129.       8.000     
   2    23   1     2     1     3  137.       137.       8.000     
   2    24   1     3     1     4  145.       145.       8.000     
   2    25   1     1     2     3  145.       145.       0.4141    
                          
 THE ANALYSIS HAS COMPLETED SUCCESSFULLY
