 Abaqus/Standard 2022                  DATE 02-Jul-2026 TIME 21:04:51
 SUMMARY OF JOB INFORMATION:
 STEP  INC ATT SEVERE EQUIL TOTAL  TOTAL      STEP       INC OF       DOF    IF
               DISCON ITERS ITERS  TIME/    TIME/LPF    TIME/LPF    MONITOR RIKS
               ITERS               FREQ
   1     1   1     0     1     1  0.0100     0.0100     0.01000   
   1     2   1     3     1     4  0.0200     0.0200     0.01000   
   1     3   1     3     2     5  0.0300     0.0300     0.01000   
   1     4   1     3     2     5  0.0400     0.0400     0.01000   
   1     5   1     4     1     5  0.0500     0.0500     0.01000   
   2     1   1     7     1     8  0.150      0.100      0.1000    
   2     2   1     4     1     5  0.250      0.200      0.1000    
   2     3   1     4     2     6  0.400      0.350      0.1500    
   2     4   1     4     1     5  0.625      0.575      0.2250    
   2     5   1     3     2     5  0.963      0.913      0.3375    
   2     6   1     4     1     5  1.47       1.42       0.5063    
   2     7   1     4     2     6  2.23       2.18       0.7594    
   2     8   1     4     1     5  3.37       3.32       1.139     
   2     9   1     4     1     5  5.08       5.03       1.709     
   2    10   1     4     1     5  7.05       7.00       1.974     
   3     1   1     4     1     5  15.1       8.00       8.000     
   3     2   1     3     1     4  17.1       10.0       2.000     
   4     1   1     3     2     5  25.1       8.00       8.000     
   4     2   1     2     1     3  27.1       10.0       2.000     
   5     1   1     3     2     5  35.0       8.00       8.000     
   5     2   1     2     1     3  37.0       10.0       2.000     
   6     1   1     3     1     4  45.0       8.00       8.000     
   6     2   1     1     2     3  47.0       10.0       2.000     
   7     1   1     3     1     4  55.0       8.00       8.000     
   7     2   1     1     2     3  57.0       10.0       2.000     
   8     1   1     3     1     4  65.0       8.00       8.000     
   8     2   1     2     2     4  67.0       10.0       2.000     
   9     1   1     3     1     4  75.0       8.00       8.000     
   9     2   1     2     1     3  77.0       10.0       2.000     
  10     1   1     3     1     4  85.0       8.00       8.000     
  10     2   1     1     2     3  87.0       10.0       2.000     
  11     1   1     2     2     4  95.0       8.00       8.000     
  11     2   1     1     1     2  97.0       10.0       2.000     
  12     1   1     3     1     4  105.       8.00       8.000     
  12     2   1     2     1     3  113.       16.0       8.000     
  12     3   1     2     2     4  121.       24.0       8.000     
  12     4   1     2     1     3  129.       32.0       8.000     
  12     5   1     2     1     3  137.       40.0       8.000     
  12     6   1     3     1     4  145.       48.0       8.000     
  12     7   1     2     1     3  147.       50.0       2.000     
                          
 THE ANALYSIS HAS COMPLETED SUCCESSFULLY
